14:37:06 **** Incremental Build of configuration Debug for project TEST_UART_NEW ****
make -r -j4 all 
Building file: ../Primitivas/PR_ADC.c
Building file: ../Primitivas/PR_LCD.c
Building file: ../Primitivas/PR_UART_0.c
Invoking: MCU C Compiler
arm-none-eabi-gcc -DDEBUG -D__CODE_RED -DCORE_M3 -D__LPC17XX__ -D__REDLIB__ -I"/home/stv/UTN FRBA/materias/asys/asys_2018-19/TPO Integrador - Nuevo/Development/MCUXpresso Workspace/TEST_UART_NEW/Aplicacion/inc" -I"/home/stv/UTN FRBA/materias/asys/asys_2018-19/TPO Integrador - Nuevo/Development/MCUXpresso Workspace/TEST_UART_NEW/Drivers/inc" -I"/home/stv/UTN FRBA/materias/asys/asys_2018-19/TPO Integrador - Nuevo/Development/MCUXpresso Workspace/TEST_UART_NEW/Primitivas/inc" -O0 -fno-common -g3 -Wall -c -fmessage-length=0 -fno-builtin -ffunction-sections -fdata-sections -mcpu=cortex-m3 -mthumb -specs=redlib.specs -MMD -MP -MF"Primitivas/PR_LCD.d" -MT"Primitivas/PR_LCD.o" -MT"Primitivas/PR_LCD.d" -o "Primitivas/PR_LCD.o" "../Primitivas/PR_LCD.c"
Invoking: MCU C Compiler
Building file: ../Drivers/DR_ADC.c
arm-none-eabi-gcc -DDEBUG -D__CODE_RED -DCORE_M3 -D__LPC17XX__ -D__REDLIB__ -I"/home/stv/UTN FRBA/materias/asys/asys_2018-19/TPO Integrador - Nuevo/Development/MCUXpresso Workspace/TEST_UART_NEW/Aplicacion/inc" -I"/home/stv/UTN FRBA/materias/asys/asys_2018-19/TPO Integrador - Nuevo/Development/MCUXpresso Workspace/TEST_UART_NEW/Drivers/inc" -I"/home/stv/UTN FRBA/materias/asys/asys_2018-19/TPO Integrador - Nuevo/Development/MCUXpresso Workspace/TEST_UART_NEW/Primitivas/inc" -O0 -fno-common -g3 -Wall -c -fmessage-length=0 -fno-builtin -ffunction-sections -fdata-sections -mcpu=cortex-m3 -mthumb -specs=redlib.specs -MMD -MP -MF"Primitivas/PR_ADC.d" -MT"Primitivas/PR_ADC.o" -MT"Primitivas/PR_ADC.d" -o "Primitivas/PR_ADC.o" "../Primitivas/PR_ADC.c"
Invoking: MCU C Compiler
arm-none-eabi-gcc -DDEBUG -D__CODE_RED -DCORE_M3 -D__LPC17XX__ -D__REDLIB__ -I"/home/stv/UTN FRBA/materias/asys/asys_2018-19/TPO Integrador - Nuevo/Development/MCUXpresso Workspace/TEST_UART_NEW/Aplicacion/inc" -I"/home/stv/UTN FRBA/materias/asys/asys_2018-19/TPO Integrador - Nuevo/Development/MCUXpresso Workspace/TEST_UART_NEW/Drivers/inc" -I"/home/stv/UTN FRBA/materias/asys/asys_2018-19/TPO Integrador - Nuevo/Development/MCUXpresso Workspace/TEST_UART_NEW/Primitivas/inc" -O0 -fno-common -g3 -Wall -c -fmessage-length=0 -fno-builtin -ffunction-sections -fdata-sections -mcpu=cortex-m3 -mthumb -specs=redlib.specs -MMD -MP -MF"Drivers/DR_ADC.d" -MT"Drivers/DR_ADC.o" -MT"Drivers/DR_ADC.d" -o "Drivers/DR_ADC.o" "../Drivers/DR_ADC.c"
Invoking: MCU C Compiler
arm-none-eabi-gcc -DDEBUG -D__CODE_RED -DCORE_M3 -D__LPC17XX__ -D__REDLIB__ -I"/home/stv/UTN FRBA/materias/asys/asys_2018-19/TPO Integrador - Nuevo/Development/MCUXpresso Workspace/TEST_UART_NEW/Aplicacion/inc" -I"/home/stv/UTN FRBA/materias/asys/asys_2018-19/TPO Integrador - Nuevo/Development/MCUXpresso Workspace/TEST_UART_NEW/Drivers/inc" -I"/home/stv/UTN FRBA/materias/asys/asys_2018-19/TPO Integrador - Nuevo/Development/MCUXpresso Workspace/TEST_UART_NEW/Primitivas/inc" -O0 -fno-common -g3 -Wall -c -fmessage-length=0 -fno-builtin -ffunction-sections -fdata-sections -mcpu=cortex-m3 -mthumb -specs=redlib.specs -MMD -MP -MF"Primitivas/PR_UART_0.d" -MT"Primitivas/PR_UART_0.o" -MT"Primitivas/PR_UART_0.d" -o "Primitivas/PR_UART_0.o" "../Primitivas/PR_UART_0.c"
Finished building: ../Primitivas/PR_ADC.c
 
Finished building: ../Primitivas/PR_LCD.c
 
Building file: ../Drivers/DR_GPIO.c
Building file: ../Drivers/DR_IO.c
Invoking: MCU C Compiler
arm-none-eabi-gcc -DDEBUG -D__CODE_RED -DCORE_M3 -D__LPC17XX__ -D__REDLIB__ -I"/home/stv/UTN FRBA/materias/asys/asys_2018-19/TPO Integrador - Nuevo/Development/MCUXpresso Workspace/TEST_UART_NEW/Aplicacion/inc" -I"/home/stv/UTN FRBA/materias/asys/asys_2018-19/TPO Integrador - Nuevo/Development/MCUXpresso Workspace/TEST_UART_NEW/Drivers/inc" -I"/home/stv/UTN FRBA/materias/asys/asys_2018-19/TPO Integrador - Nuevo/Development/MCUXpresso Workspace/TEST_UART_NEW/Primitivas/inc" -O0 -fno-common -g3 -Wall -c -fmessage-length=0 -fno-builtin -ffunction-sections -fdata-sections -mcpu=cortex-m3 -mthumb -specs=redlib.specs -MMD -MP -MF"Drivers/DR_GPIO.d" -MT"Drivers/DR_GPIO.o" -MT"Drivers/DR_GPIO.d" -o "Drivers/DR_GPIO.o" "../Drivers/DR_GPIO.c"
Invoking: MCU C Compiler
arm-none-eabi-gcc -DDEBUG -D__CODE_RED -DCORE_M3 -D__LPC17XX__ -D__REDLIB__ -I"/home/stv/UTN FRBA/materias/asys/asys_2018-19/TPO Integrador - Nuevo/Development/MCUXpresso Workspace/TEST_UART_NEW/Aplicacion/inc" -I"/home/stv/UTN FRBA/materias/asys/asys_2018-19/TPO Integrador - Nuevo/Development/MCUXpresso Workspace/TEST_UART_NEW/Drivers/inc" -I"/home/stv/UTN FRBA/materias/asys/asys_2018-19/TPO Integrador - Nuevo/Development/MCUXpresso Workspace/TEST_UART_NEW/Primitivas/inc" -O0 -fno-common -g3 -Wall -c -fmessage-length=0 -fno-builtin -ffunction-sections -fdata-sections -mcpu=cortex-m3 -mthumb -specs=redlib.specs -MMD -MP -MF"Drivers/DR_IO.d" -MT"Drivers/DR_IO.o" -MT"Drivers/DR_IO.d" -o "Drivers/DR_IO.o" "../Drivers/DR_IO.c"
Finished building: ../Drivers/DR_ADC.c
 
Building file: ../Drivers/DR_Init.c
Invoking: MCU C Compiler
arm-none-eabi-gcc -DDEBUG -D__CODE_RED -DCORE_M3 -D__LPC17XX__ -D__REDLIB__ -I"/home/stv/UTN FRBA/materias/asys/asys_2018-19/TPO Integrador - Nuevo/Development/MCUXpresso Workspace/TEST_UART_NEW/Aplicacion/inc" -I"/home/stv/UTN FRBA/materias/asys/asys_2018-19/TPO Integrador - Nuevo/Development/MCUXpresso Workspace/TEST_UART_NEW/Drivers/inc" -I"/home/stv/UTN FRBA/materias/asys/asys_2018-19/TPO Integrador - Nuevo/Development/MCUXpresso Workspace/TEST_UART_NEW/Primitivas/inc" -O0 -fno-common -g3 -Wall -c -fmessage-length=0 -fno-builtin -ffunction-sections -fdata-sections -mcpu=cortex-m3 -mthumb -specs=redlib.specs -MMD -MP -MF"Drivers/DR_Init.d" -MT"Drivers/DR_Init.o" -MT"Drivers/DR_Init.d" -o "Drivers/DR_Init.o" "../Drivers/DR_Init.c"
Finished building: ../Primitivas/PR_UART_0.c
 
Building file: ../Drivers/DR_PINSEL.c
Invoking: MCU C Compiler
arm-none-eabi-gcc -DDEBUG -D__CODE_RED -DCORE_M3 -D__LPC17XX__ -D__REDLIB__ -I"/home/stv/UTN FRBA/materias/asys/asys_2018-19/TPO Integrador - Nuevo/Development/MCUXpresso Workspace/TEST_UART_NEW/Aplicacion/inc" -I"/home/stv/UTN FRBA/materias/asys/asys_2018-19/TPO Integrador - Nuevo/Development/MCUXpresso Workspace/TEST_UART_NEW/Drivers/inc" -I"/home/stv/UTN FRBA/materias/asys/asys_2018-19/TPO Integrador - Nuevo/Development/MCUXpresso Workspace/TEST_UART_NEW/Primitivas/inc" -O0 -fno-common -g3 -Wall -c -fmessage-length=0 -fno-builtin -ffunction-sections -fdata-sections -mcpu=cortex-m3 -mthumb -specs=redlib.specs -MMD -MP -MF"Drivers/DR_PINSEL.d" -MT"Drivers/DR_PINSEL.o" -MT"Drivers/DR_PINSEL.d" -o "Drivers/DR_PINSEL.o" "../Drivers/DR_PINSEL.c"
Finished building: ../Drivers/DR_GPIO.c
Finished building: ../Drivers/DR_IO.c
 
Building file: ../Drivers/DR_SysTick.c
 
Building file: ../Drivers/DR_UART_0.c
Invoking: MCU C Compiler
arm-none-eabi-gcc -DDEBUG -D__CODE_RED -DCORE_M3 -D__LPC17XX__ -D__REDLIB__ -I"/home/stv/UTN FRBA/materias/asys/asys_2018-19/TPO Integrador - Nuevo/Development/MCUXpresso Workspace/TEST_UART_NEW/Aplicacion/inc" -I"/home/stv/UTN FRBA/materias/asys/asys_2018-19/TPO Integrador - Nuevo/Development/MCUXpresso Workspace/TEST_UART_NEW/Drivers/inc" -I"/home/stv/UTN FRBA/materias/asys/asys_2018-19/TPO Integrador - Nuevo/Development/MCUXpresso Workspace/TEST_UART_NEW/Primitivas/inc" -O0 -fno-common -g3 -Wall -c -fmessage-length=0 -fno-builtin -ffunction-sections -fdata-sections -mcpu=cortex-m3 -mthumb -specs=redlib.specs -MMD -MP -MF"Drivers/DR_SysTick.d" -MT"Drivers/DR_SysTick.o" -MT"Drivers/DR_SysTick.d" -o "Drivers/DR_SysTick.o" "../Drivers/DR_SysTick.c"
Invoking: MCU C Compiler
arm-none-eabi-gcc -DDEBUG -D__CODE_RED -DCORE_M3 -D__LPC17XX__ -D__REDLIB__ -I"/home/stv/UTN FRBA/materias/asys/asys_2018-19/TPO Integrador - Nuevo/Development/MCUXpresso Workspace/TEST_UART_NEW/Aplicacion/inc" -I"/home/stv/UTN FRBA/materias/asys/asys_2018-19/TPO Integrador - Nuevo/Development/MCUXpresso Workspace/TEST_UART_NEW/Drivers/inc" -I"/home/stv/UTN FRBA/materias/asys/asys_2018-19/TPO Integrador - Nuevo/Development/MCUXpresso Workspace/TEST_UART_NEW/Primitivas/inc" -O0 -fno-common -g3 -Wall -c -fmessage-length=0 -fno-builtin -ffunction-sections -fdata-sections -mcpu=cortex-m3 -mthumb -specs=redlib.specs -MMD -MP -MF"Drivers/DR_UART_0.d" -MT"Drivers/DR_UART_0.o" -MT"Drivers/DR_UART_0.d" -o "Drivers/DR_UART_0.o" "../Drivers/DR_UART_0.c"
Finished building: ../Drivers/DR_Init.c
Finished building: ../Drivers/DR_PINSEL.c
 
Building file: ../Drivers/FW_LCD.c
Invoking: MCU C Compiler
arm-none-eabi-gcc -DDEBUG -D__CODE_RED -DCORE_M3 -D__LPC17XX__ -D__REDLIB__ -I"/home/stv/UTN FRBA/materias/asys/asys_2018-19/TPO Integrador - Nuevo/Development/MCUXpresso Workspace/TEST_UART_NEW/Aplicacion/inc" -I"/home/stv/UTN FRBA/materias/asys/asys_2018-19/TPO Integrador - Nuevo/Development/MCUXpresso Workspace/TEST_UART_NEW/Drivers/inc" -I"/home/stv/UTN FRBA/materias/asys/asys_2018-19/TPO Integrador - Nuevo/Development/MCUXpresso Workspace/TEST_UART_NEW/Primitivas/inc" -O0 -fno-common -g3 -Wall -c -fmessage-length=0 -fno-builtin -ffunction-sections -fdata-sections -mcpu=cortex-m3 -mthumb -specs=redlib.specs -MMD -MP -MF"Drivers/FW_LCD.d" -MT"Drivers/FW_LCD.o" -MT"Drivers/FW_LCD.d" -o "Drivers/FW_LCD.o" "../Drivers/FW_LCD.c"
 
Building file: ../Drivers/cr_startup_lpc175x_6x.c
Invoking: MCU C Compiler
Finished building: ../Drivers/DR_SysTick.c
 
arm-none-eabi-gcc -DDEBUG -D__CODE_RED -DCORE_M3 -D__LPC17XX__ -D__REDLIB__ -I"/home/stv/UTN FRBA/materias/asys/asys_2018-19/TPO Integrador - Nuevo/Development/MCUXpresso Workspace/TEST_UART_NEW/Aplicacion/inc" -I"/home/stv/UTN FRBA/materias/asys/asys_2018-19/TPO Integrador - Nuevo/Development/MCUXpresso Workspace/TEST_UART_NEW/Drivers/inc" -I"/home/stv/UTN FRBA/materias/asys/asys_2018-19/TPO Integrador - Nuevo/Development/MCUXpresso Workspace/TEST_UART_NEW/Primitivas/inc" -O0 -fno-common -g3 -Wall -c -fmessage-length=0 -fno-builtin -ffunction-sections -fdata-sections -mcpu=cortex-m3 -mthumb -specs=redlib.specs -MMD -MP -MF"Drivers/cr_startup_lpc175x_6x.d" -MT"Drivers/cr_startup_lpc175x_6x.o" -MT"Drivers/cr_startup_lpc175x_6x.d" -o "Drivers/cr_startup_lpc175x_6x.o" "../Drivers/cr_startup_lpc175x_6x.c"
Building file: ../Drivers/crp.c
Invoking: MCU C Compiler
arm-none-eabi-gcc -DDEBUG -D__CODE_RED -DCORE_M3 -D__LPC17XX__ -D__REDLIB__ -I"/home/stv/UTN FRBA/materias/asys/asys_2018-19/TPO Integrador - Nuevo/Development/MCUXpresso Workspace/TEST_UART_NEW/Aplicacion/inc" -I"/home/stv/UTN FRBA/materias/asys/asys_2018-19/TPO Integrador - Nuevo/Development/MCUXpresso Workspace/TEST_UART_NEW/Drivers/inc" -I"/home/stv/UTN FRBA/materias/asys/asys_2018-19/TPO Integrador - Nuevo/Development/MCUXpresso Workspace/TEST_UART_NEW/Primitivas/inc" -O0 -fno-common -g3 -Wall -c -fmessage-length=0 -fno-builtin -ffunction-sections -fdata-sections -mcpu=cortex-m3 -mthumb -specs=redlib.specs -MMD -MP -MF"Drivers/crp.d" -MT"Drivers/crp.o" -MT"Drivers/crp.d" -o "Drivers/crp.o" "../Drivers/crp.c"
Finished building: ../Drivers/DR_UART_0.c
 
Building file: ../Aplicacion/AP_ADC.c
Invoking: MCU C Compiler
arm-none-eabi-gcc -DDEBUG -D__CODE_RED -DCORE_M3 -D__LPC17XX__ -D__REDLIB__ -I"/home/stv/UTN FRBA/materias/asys/asys_2018-19/TPO Integrador - Nuevo/Development/MCUXpresso Workspace/TEST_UART_NEW/Aplicacion/inc" -I"/home/stv/UTN FRBA/materias/asys/asys_2018-19/TPO Integrador - Nuevo/Development/MCUXpresso Workspace/TEST_UART_NEW/Drivers/inc" -I"/home/stv/UTN FRBA/materias/asys/asys_2018-19/TPO Integrador - Nuevo/Development/MCUXpresso Workspace/TEST_UART_NEW/Primitivas/inc" -O0 -fno-common -g3 -Wall -c -fmessage-length=0 -fno-builtin -ffunction-sections -fdata-sections -mcpu=cortex-m3 -mthumb -specs=redlib.specs -MMD -MP -MF"Aplicacion/AP_ADC.d" -MT"Aplicacion/AP_ADC.o" -MT"Aplicacion/AP_ADC.d" -o "Aplicacion/AP_ADC.o" "../Aplicacion/AP_ADC.c"
Finished building: ../Drivers/cr_startup_lpc175x_6x.c
Finished building: ../Drivers/FW_LCD.c
 
Finished building: ../Drivers/crp.c
Building file: ../Aplicacion/AP_Adquisidor_MDE.c
 
Building file: ../Aplicacion/AP_UART_0.c
 
Invoking: MCU C Compiler
arm-none-eabi-gcc -DDEBUG -D__CODE_RED -DCORE_M3 -D__LPC17XX__ -D__REDLIB__ -I"/home/stv/UTN FRBA/materias/asys/asys_2018-19/TPO Integrador - Nuevo/Development/MCUXpresso Workspace/TEST_UART_NEW/Aplicacion/inc" -I"/home/stv/UTN FRBA/materias/asys/asys_2018-19/TPO Integrador - Nuevo/Development/MCUXpresso Workspace/TEST_UART_NEW/Drivers/inc" -I"/home/stv/UTN FRBA/materias/asys/asys_2018-19/TPO Integrador - Nuevo/Development/MCUXpresso Workspace/TEST_UART_NEW/Primitivas/inc" -O0 -fno-common -g3 -Wall -c -fmessage-length=0 -fno-builtin -ffunction-sections -fdata-sections -mcpu=cortex-m3 -mthumb -specs=redlib.specs -MMD -MP -MF"Aplicacion/AP_Adquisidor_MDE.d" -MT"Aplicacion/AP_Adquisidor_MDE.o" -MT"Aplicacion/AP_Adquisidor_MDE.d" -o "Aplicacion/AP_Adquisidor_MDE.o" "../Aplicacion/AP_Adquisidor_MDE.c"
Building file: ../Aplicacion/main.c
Invoking: MCU C Compiler
Invoking: MCU C Compiler
arm-none-eabi-gcc -DDEBUG -D__CODE_RED -DCORE_M3 -D__LPC17XX__ -D__REDLIB__ -I"/home/stv/UTN FRBA/materias/asys/asys_2018-19/TPO Integrador - Nuevo/Development/MCUXpresso Workspace/TEST_UART_NEW/Aplicacion/inc" -I"/home/stv/UTN FRBA/materias/asys/asys_2018-19/TPO Integrador - Nuevo/Development/MCUXpresso Workspace/TEST_UART_NEW/Drivers/inc" -I"/home/stv/UTN FRBA/materias/asys/asys_2018-19/TPO Integrador - Nuevo/Development/MCUXpresso Workspace/TEST_UART_NEW/Primitivas/inc" -O0 -fno-common -g3 -Wall -c -fmessage-length=0 -fno-builtin -ffunction-sections -fdata-sections -mcpu=cortex-m3 -mthumb -specs=redlib.specs -MMD -MP -MF"Aplicacion/AP_UART_0.d" -MT"Aplicacion/AP_UART_0.o" -MT"Aplicacion/AP_UART_0.d" -o "Aplicacion/AP_UART_0.o" "../Aplicacion/AP_UART_0.c"
arm-none-eabi-gcc -DDEBUG -D__CODE_RED -DCORE_M3 -D__LPC17XX__ -D__REDLIB__ -I"/home/stv/UTN FRBA/materias/asys/asys_2018-19/TPO Integrador - Nuevo/Development/MCUXpresso Workspace/TEST_UART_NEW/Aplicacion/inc" -I"/home/stv/UTN FRBA/materias/asys/asys_2018-19/TPO Integrador - Nuevo/Development/MCUXpresso Workspace/TEST_UART_NEW/Drivers/inc" -I"/home/stv/UTN FRBA/materias/asys/asys_2018-19/TPO Integrador - Nuevo/Development/MCUXpresso Workspace/TEST_UART_NEW/Primitivas/inc" -O0 -fno-common -g3 -Wall -c -fmessage-length=0 -fno-builtin -ffunction-sections -fdata-sections -mcpu=cortex-m3 -mthumb -specs=redlib.specs -MMD -MP -MF"Aplicacion/main.d" -MT"Aplicacion/main.o" -MT"Aplicacion/main.d" -o "Aplicacion/main.o" "../Aplicacion/main.c"
Finished building: ../Aplicacion/AP_ADC.c
 
Finished building: ../Aplicacion/AP_UART_0.c
 
Finished building: ../Aplicacion/main.c
 
Finished building: ../Aplicacion/AP_Adquisidor_MDE.c
 
Building target: TEST_UART_NEW.axf
Invoking: MCU Linker
arm-none-eabi-gcc -nostdlib -Xlinker -Map="TEST_UART_NEW.map" -Xlinker --gc-sections -Xlinker -print-memory-usage -mcpu=cortex-m3 -mthumb -T "LPC1769-ADC-SERIAL_Debug.ld" -o "TEST_UART_NEW.axf"  ./Primitivas/PR_ADC.o ./Primitivas/PR_LCD.o ./Primitivas/PR_UART_0.o  ./Drivers/DR_ADC.o ./Drivers/DR_GPIO.o ./Drivers/DR_IO.o ./Drivers/DR_Init.o ./Drivers/DR_PINSEL.o ./Drivers/DR_SysTick.o ./Drivers/DR_UART_0.o ./Drivers/FW_LCD.o ./Drivers/cr_startup_lpc175x_6x.o ./Drivers/crp.o  ./Aplicacion/AP_ADC.o ./Aplicacion/AP_Adquisidor_MDE.o ./Aplicacion/AP_UART_0.o ./Aplicacion/main.o   
Memory region         Used Size  Region Size  %age Used
       MFlash512:       18220 B       512 KB      3.48%
        RamLoc32:        1144 B        32 KB      3.49%
        RamAHB32:          0 GB        32 KB      0.00%
Finished building target: TEST_UART_NEW.axf
 
make --no-print-directory post-build
Performing post-build steps
arm-none-eabi-size "TEST_UART_NEW.axf"; # arm-none-eabi-objcopy -v -O binary "TEST_UART_NEW.axf" "TEST_UART_NEW.bin" ; # checksum -p LPC1769 -d "TEST_UART_NEW.bin";
   text	   data	    bss	    dec	    hex	filename
  17900	    320	    824	  19044	   4a64	TEST_UART_NEW.axf
 
14:37:11 **** Build of configuration Debug for project TEST_UART_NEW ****
make -r -j4 all 
make: Nothing to be done for 'all'.
14:37:13 **** Incremental Build of configuration Debug for project TEST_UART_NEW ****
make -r -j4 all 
make: Nothing to be done for 'all'.
14:38:20 **** Build of configuration Debug for project TEST_UART_NEW ****
make -r -j4 all 
Building file: ../Primitivas/PR_ADC.c
Building file: ../Primitivas/PR_LCD.c
Building file: ../Drivers/DR_ADC.c
Invoking: MCU C Compiler
arm-none-eabi-gcc -DDEBUG -D__CODE_RED -DCORE_M3 -D__LPC17XX__ -D__REDLIB__ -I"/home/stv/UTN FRBA/materias/asys/asys_2018-19/TPO Integrador - Nuevo/Development/MCUXpresso Workspace/TEST_UART_NEW/Aplicacion/inc" -I"/home/stv/UTN FRBA/materias/asys/asys_2018-19/TPO Integrador - Nuevo/Development/MCUXpresso Workspace/TEST_UART_NEW/Drivers/inc" -I"/home/stv/UTN FRBA/materias/asys/asys_2018-19/TPO Integrador - Nuevo/Development/MCUXpresso Workspace/TEST_UART_NEW/Primitivas/inc" -O0 -fno-common -g3 -Wall -c -fmessage-length=0 -fno-builtin -ffunction-sections -fdata-sections -mcpu=cortex-m3 -mthumb -specs=redlib.specs -MMD -MP -MF"Primitivas/PR_ADC.d" -MT"Primitivas/PR_ADC.o" -MT"Primitivas/PR_ADC.d" -o "Primitivas/PR_ADC.o" "../Primitivas/PR_ADC.c"
Building file: ../Primitivas/PR_UART_0.c
Invoking: MCU C Compiler
Invoking: MCU C Compiler
arm-none-eabi-gcc -DDEBUG -D__CODE_RED -DCORE_M3 -D__LPC17XX__ -D__REDLIB__ -I"/home/stv/UTN FRBA/materias/asys/asys_2018-19/TPO Integrador - Nuevo/Development/MCUXpresso Workspace/TEST_UART_NEW/Aplicacion/inc" -I"/home/stv/UTN FRBA/materias/asys/asys_2018-19/TPO Integrador - Nuevo/Development/MCUXpresso Workspace/TEST_UART_NEW/Drivers/inc" -I"/home/stv/UTN FRBA/materias/asys/asys_2018-19/TPO Integrador - Nuevo/Development/MCUXpresso Workspace/TEST_UART_NEW/Primitivas/inc" -O0 -fno-common -g3 -Wall -c -fmessage-length=0 -fno-builtin -ffunction-sections -fdata-sections -mcpu=cortex-m3 -mthumb -specs=redlib.specs -MMD -MP -MF"Primitivas/PR_LCD.d" -MT"Primitivas/PR_LCD.o" -MT"Primitivas/PR_LCD.d" -o "Primitivas/PR_LCD.o" "../Primitivas/PR_LCD.c"
arm-none-eabi-gcc -DDEBUG -D__CODE_RED -DCORE_M3 -D__LPC17XX__ -D__REDLIB__ -I"/home/stv/UTN FRBA/materias/asys/asys_2018-19/TPO Integrador - Nuevo/Development/MCUXpresso Workspace/TEST_UART_NEW/Aplicacion/inc" -I"/home/stv/UTN FRBA/materias/asys/asys_2018-19/TPO Integrador - Nuevo/Development/MCUXpresso Workspace/TEST_UART_NEW/Drivers/inc" -I"/home/stv/UTN FRBA/materias/asys/asys_2018-19/TPO Integrador - Nuevo/Development/MCUXpresso Workspace/TEST_UART_NEW/Primitivas/inc" -O0 -fno-common -g3 -Wall -c -fmessage-length=0 -fno-builtin -ffunction-sections -fdata-sections -mcpu=cortex-m3 -mthumb -specs=redlib.specs -MMD -MP -MF"Drivers/DR_ADC.d" -MT"Drivers/DR_ADC.o" -MT"Drivers/DR_ADC.d" -o "Drivers/DR_ADC.o" "../Drivers/DR_ADC.c"
Invoking: MCU C Compiler
arm-none-eabi-gcc -DDEBUG -D__CODE_RED -DCORE_M3 -D__LPC17XX__ -D__REDLIB__ -I"/home/stv/UTN FRBA/materias/asys/asys_2018-19/TPO Integrador - Nuevo/Development/MCUXpresso Workspace/TEST_UART_NEW/Aplicacion/inc" -I"/home/stv/UTN FRBA/materias/asys/asys_2018-19/TPO Integrador - Nuevo/Development/MCUXpresso Workspace/TEST_UART_NEW/Drivers/inc" -I"/home/stv/UTN FRBA/materias/asys/asys_2018-19/TPO Integrador - Nuevo/Development/MCUXpresso Workspace/TEST_UART_NEW/Primitivas/inc" -O0 -fno-common -g3 -Wall -c -fmessage-length=0 -fno-builtin -ffunction-sections -fdata-sections -mcpu=cortex-m3 -mthumb -specs=redlib.specs -MMD -MP -MF"Primitivas/PR_UART_0.d" -MT"Primitivas/PR_UART_0.o" -MT"Primitivas/PR_UART_0.d" -o "Primitivas/PR_UART_0.o" "../Primitivas/PR_UART_0.c"
Finished building: ../Primitivas/PR_LCD.c
 
Building file: ../Drivers/DR_GPIO.c
Invoking: MCU C Compiler
arm-none-eabi-gcc -DDEBUG -D__CODE_RED -DCORE_M3 -D__LPC17XX__ -D__REDLIB__ -I"/home/stv/UTN FRBA/materias/asys/asys_2018-19/TPO Integrador - Nuevo/Development/MCUXpresso Workspace/TEST_UART_NEW/Aplicacion/inc" -I"/home/stv/UTN FRBA/materias/asys/asys_2018-19/TPO Integrador - Nuevo/Development/MCUXpresso Workspace/TEST_UART_NEW/Drivers/inc" -I"/home/stv/UTN FRBA/materias/asys/asys_2018-19/TPO Integrador - Nuevo/Development/MCUXpresso Workspace/TEST_UART_NEW/Primitivas/inc" -O0 -fno-common -g3 -Wall -c -fmessage-length=0 -fno-builtin -ffunction-sections -fdata-sections -mcpu=cortex-m3 -mthumb -specs=redlib.specs -MMD -MP -MF"Drivers/DR_GPIO.d" -MT"Drivers/DR_GPIO.o" -MT"Drivers/DR_GPIO.d" -o "Drivers/DR_GPIO.o" "../Drivers/DR_GPIO.c"
Finished building: ../Primitivas/PR_ADC.c
 
Building file: ../Drivers/DR_IO.c
Invoking: MCU C Compiler
arm-none-eabi-gcc -DDEBUG -D__CODE_RED -DCORE_M3 -D__LPC17XX__ -D__REDLIB__ -I"/home/stv/UTN FRBA/materias/asys/asys_2018-19/TPO Integrador - Nuevo/Development/MCUXpresso Workspace/TEST_UART_NEW/Aplicacion/inc" -I"/home/stv/UTN FRBA/materias/asys/asys_2018-19/TPO Integrador - Nuevo/Development/MCUXpresso Workspace/TEST_UART_NEW/Drivers/inc" -I"/home/stv/UTN FRBA/materias/asys/asys_2018-19/TPO Integrador - Nuevo/Development/MCUXpresso Workspace/TEST_UART_NEW/Primitivas/inc" -O0 -fno-common -g3 -Wall -c -fmessage-length=0 -fno-builtin -ffunction-sections -fdata-sections -mcpu=cortex-m3 -mthumb -specs=redlib.specs -MMD -MP -MF"Drivers/DR_IO.d" -MT"Drivers/DR_IO.o" -MT"Drivers/DR_IO.d" -o "Drivers/DR_IO.o" "../Drivers/DR_IO.c"
Finished building: ../Drivers/DR_ADC.c
 
Finished building: ../Primitivas/PR_UART_0.c
 
Building file: ../Drivers/DR_Init.c
Invoking: MCU C Compiler
Building file: ../Drivers/DR_PINSEL.c
arm-none-eabi-gcc -DDEBUG -D__CODE_RED -DCORE_M3 -D__LPC17XX__ -D__REDLIB__ -I"/home/stv/UTN FRBA/materias/asys/asys_2018-19/TPO Integrador - Nuevo/Development/MCUXpresso Workspace/TEST_UART_NEW/Aplicacion/inc" -I"/home/stv/UTN FRBA/materias/asys/asys_2018-19/TPO Integrador - Nuevo/Development/MCUXpresso Workspace/TEST_UART_NEW/Drivers/inc" -I"/home/stv/UTN FRBA/materias/asys/asys_2018-19/TPO Integrador - Nuevo/Development/MCUXpresso Workspace/TEST_UART_NEW/Primitivas/inc" -O0 -fno-common -g3 -Wall -c -fmessage-length=0 -fno-builtin -ffunction-sections -fdata-sections -mcpu=cortex-m3 -mthumb -specs=redlib.specs -MMD -MP -MF"Drivers/DR_Init.d" -MT"Drivers/DR_Init.o" -MT"Drivers/DR_Init.d" -o "Drivers/DR_Init.o" "../Drivers/DR_Init.c"
Invoking: MCU C Compiler
arm-none-eabi-gcc -DDEBUG -D__CODE_RED -DCORE_M3 -D__LPC17XX__ -D__REDLIB__ -I"/home/stv/UTN FRBA/materias/asys/asys_2018-19/TPO Integrador - Nuevo/Development/MCUXpresso Workspace/TEST_UART_NEW/Aplicacion/inc" -I"/home/stv/UTN FRBA/materias/asys/asys_2018-19/TPO Integrador - Nuevo/Development/MCUXpresso Workspace/TEST_UART_NEW/Drivers/inc" -I"/home/stv/UTN FRBA/materias/asys/asys_2018-19/TPO Integrador - Nuevo/Development/MCUXpresso Workspace/TEST_UART_NEW/Primitivas/inc" -O0 -fno-common -g3 -Wall -c -fmessage-length=0 -fno-builtin -ffunction-sections -fdata-sections -mcpu=cortex-m3 -mthumb -specs=redlib.specs -MMD -MP -MF"Drivers/DR_PINSEL.d" -MT"Drivers/DR_PINSEL.o" -MT"Drivers/DR_PINSEL.d" -o "Drivers/DR_PINSEL.o" "../Drivers/DR_PINSEL.c"
Finished building: ../Drivers/DR_GPIO.c
 
Building file: ../Drivers/DR_SysTick.c
Invoking: MCU C Compiler
arm-none-eabi-gcc -DDEBUG -D__CODE_RED -DCORE_M3 -D__LPC17XX__ -D__REDLIB__ -I"/home/stv/UTN FRBA/materias/asys/asys_2018-19/TPO Integrador - Nuevo/Development/MCUXpresso Workspace/TEST_UART_NEW/Aplicacion/inc" -I"/home/stv/UTN FRBA/materias/asys/asys_2018-19/TPO Integrador - Nuevo/Development/MCUXpresso Workspace/TEST_UART_NEW/Drivers/inc" -I"/home/stv/UTN FRBA/materias/asys/asys_2018-19/TPO Integrador - Nuevo/Development/MCUXpresso Workspace/TEST_UART_NEW/Primitivas/inc" -O0 -fno-common -g3 -Wall -c -fmessage-length=0 -fno-builtin -ffunction-sections -fdata-sections -mcpu=cortex-m3 -mthumb -specs=redlib.specs -MMD -MP -MF"Drivers/DR_SysTick.d" -MT"Drivers/DR_SysTick.o" -MT"Drivers/DR_SysTick.d" -o "Drivers/DR_SysTick.o" "../Drivers/DR_SysTick.c"
Finished building: ../Drivers/DR_IO.c
 
Building file: ../Drivers/DR_UART_0.c
Invoking: MCU C Compiler
arm-none-eabi-gcc -DDEBUG -D__CODE_RED -DCORE_M3 -D__LPC17XX__ -D__REDLIB__ -I"/home/stv/UTN FRBA/materias/asys/asys_2018-19/TPO Integrador - Nuevo/Development/MCUXpresso Workspace/TEST_UART_NEW/Aplicacion/inc" -I"/home/stv/UTN FRBA/materias/asys/asys_2018-19/TPO Integrador - Nuevo/Development/MCUXpresso Workspace/TEST_UART_NEW/Drivers/inc" -I"/home/stv/UTN FRBA/materias/asys/asys_2018-19/TPO Integrador - Nuevo/Development/MCUXpresso Workspace/TEST_UART_NEW/Primitivas/inc" -O0 -fno-common -g3 -Wall -c -fmessage-length=0 -fno-builtin -ffunction-sections -fdata-sections -mcpu=cortex-m3 -mthumb -specs=redlib.specs -MMD -MP -MF"Drivers/DR_UART_0.d" -MT"Drivers/DR_UART_0.o" -MT"Drivers/DR_UART_0.d" -o "Drivers/DR_UART_0.o" "../Drivers/DR_UART_0.c"
Finished building: ../Drivers/DR_Init.c
 
Building file: ../Drivers/FW_LCD.c
Invoking: MCU C Compiler
arm-none-eabi-gcc -DDEBUG -D__CODE_RED -DCORE_M3 -D__LPC17XX__ -D__REDLIB__ -I"/home/stv/UTN FRBA/materias/asys/asys_2018-19/TPO Integrador - Nuevo/Development/MCUXpresso Workspace/TEST_UART_NEW/Aplicacion/inc" -I"/home/stv/UTN FRBA/materias/asys/asys_2018-19/TPO Integrador - Nuevo/Development/MCUXpresso Workspace/TEST_UART_NEW/Drivers/inc" -I"/home/stv/UTN FRBA/materias/asys/asys_2018-19/TPO Integrador - Nuevo/Development/MCUXpresso Workspace/TEST_UART_NEW/Primitivas/inc" -O0 -fno-common -g3 -Wall -c -fmessage-length=0 -fno-builtin -ffunction-sections -fdata-sections -mcpu=cortex-m3 -mthumb -specs=redlib.specs -MMD -MP -MF"Drivers/FW_LCD.d" -MT"Drivers/FW_LCD.o" -MT"Drivers/FW_LCD.d" -o "Drivers/FW_LCD.o" "../Drivers/FW_LCD.c"
Finished building: ../Drivers/DR_PINSEL.c
 
Building file: ../Drivers/cr_startup_lpc175x_6x.c
Invoking: MCU C Compiler
arm-none-eabi-gcc -DDEBUG -D__CODE_RED -DCORE_M3 -D__LPC17XX__ -D__REDLIB__ -I"/home/stv/UTN FRBA/materias/asys/asys_2018-19/TPO Integrador - Nuevo/Development/MCUXpresso Workspace/TEST_UART_NEW/Aplicacion/inc" -I"/home/stv/UTN FRBA/materias/asys/asys_2018-19/TPO Integrador - Nuevo/Development/MCUXpresso Workspace/TEST_UART_NEW/Drivers/inc" -I"/home/stv/UTN FRBA/materias/asys/asys_2018-19/TPO Integrador - Nuevo/Development/MCUXpresso Workspace/TEST_UART_NEW/Primitivas/inc" -O0 -fno-common -g3 -Wall -c -fmessage-length=0 -fno-builtin -ffunction-sections -fdata-sections -mcpu=cortex-m3 -mthumb -specs=redlib.specs -MMD -MP -MF"Drivers/cr_startup_lpc175x_6x.d" -MT"Drivers/cr_startup_lpc175x_6x.o" -MT"Drivers/cr_startup_lpc175x_6x.d" -o "Drivers/cr_startup_lpc175x_6x.o" "../Drivers/cr_startup_lpc175x_6x.c"
Finished building: ../Drivers/DR_SysTick.c
 
Building file: ../Drivers/crp.c
Invoking: MCU C Compiler
arm-none-eabi-gcc -DDEBUG -D__CODE_RED -DCORE_M3 -D__LPC17XX__ -D__REDLIB__ -I"/home/stv/UTN FRBA/materias/asys/asys_2018-19/TPO Integrador - Nuevo/Development/MCUXpresso Workspace/TEST_UART_NEW/Aplicacion/inc" -I"/home/stv/UTN FRBA/materias/asys/asys_2018-19/TPO Integrador - Nuevo/Development/MCUXpresso Workspace/TEST_UART_NEW/Drivers/inc" -I"/home/stv/UTN FRBA/materias/asys/asys_2018-19/TPO Integrador - Nuevo/Development/MCUXpresso Workspace/TEST_UART_NEW/Primitivas/inc" -O0 -fno-common -g3 -Wall -c -fmessage-length=0 -fno-builtin -ffunction-sections -fdata-sections -mcpu=cortex-m3 -mthumb -specs=redlib.specs -MMD -MP -MF"Drivers/crp.d" -MT"Drivers/crp.o" -MT"Drivers/crp.d" -o "Drivers/crp.o" "../Drivers/crp.c"
Finished building: ../Drivers/DR_UART_0.c
 
Building file: ../Aplicacion/AP_ADC.c
Invoking: MCU C Compiler
arm-none-eabi-gcc -DDEBUG -D__CODE_RED -DCORE_M3 -D__LPC17XX__ -D__REDLIB__ -I"/home/stv/UTN FRBA/materias/asys/asys_2018-19/TPO Integrador - Nuevo/Development/MCUXpresso Workspace/TEST_UART_NEW/Aplicacion/inc" -I"/home/stv/UTN FRBA/materias/asys/asys_2018-19/TPO Integrador - Nuevo/Development/MCUXpresso Workspace/TEST_UART_NEW/Drivers/inc" -I"/home/stv/UTN FRBA/materias/asys/asys_2018-19/TPO Integrador - Nuevo/Development/MCUXpresso Workspace/TEST_UART_NEW/Primitivas/inc" -O0 -fno-common -g3 -Wall -c -fmessage-length=0 -fno-builtin -ffunction-sections -fdata-sections -mcpu=cortex-m3 -mthumb -specs=redlib.specs -MMD -MP -MF"Aplicacion/AP_ADC.d" -MT"Aplicacion/AP_ADC.o" -MT"Aplicacion/AP_ADC.d" -o "Aplicacion/AP_ADC.o" "../Aplicacion/AP_ADC.c"
Finished building: ../Drivers/FW_LCD.c
 
Building file: ../Aplicacion/AP_Adquisidor_MDE.c
Invoking: MCU C Compiler
arm-none-eabi-gcc -DDEBUG -D__CODE_RED -DCORE_M3 -D__LPC17XX__ -D__REDLIB__ -I"/home/stv/UTN FRBA/materias/asys/asys_2018-19/TPO Integrador - Nuevo/Development/MCUXpresso Workspace/TEST_UART_NEW/Aplicacion/inc" -I"/home/stv/UTN FRBA/materias/asys/asys_2018-19/TPO Integrador - Nuevo/Development/MCUXpresso Workspace/TEST_UART_NEW/Drivers/inc" -I"/home/stv/UTN FRBA/materias/asys/asys_2018-19/TPO Integrador - Nuevo/Development/MCUXpresso Workspace/TEST_UART_NEW/Primitivas/inc" -O0 -fno-common -g3 -Wall -c -fmessage-length=0 -fno-builtin -ffunction-sections -fdata-sections -mcpu=cortex-m3 -mthumb -specs=redlib.specs -MMD -MP -MF"Aplicacion/AP_Adquisidor_MDE.d" -MT"Aplicacion/AP_Adquisidor_MDE.o" -MT"Aplicacion/AP_Adquisidor_MDE.d" -o "Aplicacion/AP_Adquisidor_MDE.o" "../Aplicacion/AP_Adquisidor_MDE.c"
Finished building: ../Drivers/cr_startup_lpc175x_6x.c
 
Building file: ../Aplicacion/AP_UART_0.c
Invoking: MCU C Compiler
arm-none-eabi-gcc -DDEBUG -D__CODE_RED -DCORE_M3 -D__LPC17XX__ -D__REDLIB__ -I"/home/stv/UTN FRBA/materias/asys/asys_2018-19/TPO Integrador - Nuevo/Development/MCUXpresso Workspace/TEST_UART_NEW/Aplicacion/inc" -I"/home/stv/UTN FRBA/materias/asys/asys_2018-19/TPO Integrador - Nuevo/Development/MCUXpresso Workspace/TEST_UART_NEW/Drivers/inc" -I"/home/stv/UTN FRBA/materias/asys/asys_2018-19/TPO Integrador - Nuevo/Development/MCUXpresso Workspace/TEST_UART_NEW/Primitivas/inc" -O0 -fno-common -g3 -Wall -c -fmessage-length=0 -fno-builtin -ffunction-sections -fdata-sections -mcpu=cortex-m3 -mthumb -specs=redlib.specs -MMD -MP -MF"Aplicacion/AP_UART_0.d" -MT"Aplicacion/AP_UART_0.o" -MT"Aplicacion/AP_UART_0.d" -o "Aplicacion/AP_UART_0.o" "../Aplicacion/AP_UART_0.c"
Finished building: ../Drivers/crp.c
 
Building file: ../Aplicacion/main.c
Invoking: MCU C Compiler
arm-none-eabi-gcc -DDEBUG -D__CODE_RED -DCORE_M3 -D__LPC17XX__ -D__REDLIB__ -I"/home/stv/UTN FRBA/materias/asys/asys_2018-19/TPO Integrador - Nuevo/Development/MCUXpresso Workspace/TEST_UART_NEW/Aplicacion/inc" -I"/home/stv/UTN FRBA/materias/asys/asys_2018-19/TPO Integrador - Nuevo/Development/MCUXpresso Workspace/TEST_UART_NEW/Drivers/inc" -I"/home/stv/UTN FRBA/materias/asys/asys_2018-19/TPO Integrador - Nuevo/Development/MCUXpresso Workspace/TEST_UART_NEW/Primitivas/inc" -O0 -fno-common -g3 -Wall -c -fmessage-length=0 -fno-builtin -ffunction-sections -fdata-sections -mcpu=cortex-m3 -mthumb -specs=redlib.specs -MMD -MP -MF"Aplicacion/main.d" -MT"Aplicacion/main.o" -MT"Aplicacion/main.d" -o "Aplicacion/main.o" "../Aplicacion/main.c"
Finished building: ../Aplicacion/AP_ADC.c
 
Finished building: ../Aplicacion/main.c
Finished building: ../Aplicacion/AP_UART_0.c
 
 
Finished building: ../Aplicacion/AP_Adquisidor_MDE.c
 
Building target: TEST_UART_NEW.axf
Invoking: MCU Linker
arm-none-eabi-gcc -nostdlib -Xlinker -Map="TEST_UART_NEW.map" -Xlinker --gc-sections -Xlinker -print-memory-usage -mcpu=cortex-m3 -mthumb -T "LPC1769-ADC-SERIAL_Debug.ld" -o "TEST_UART_NEW.axf"  ./Primitivas/PR_ADC.o ./Primitivas/PR_LCD.o ./Primitivas/PR_UART_0.o  ./Drivers/DR_ADC.o ./Drivers/DR_GPIO.o ./Drivers/DR_IO.o ./Drivers/DR_Init.o ./Drivers/DR_PINSEL.o ./Drivers/DR_SysTick.o ./Drivers/DR_UART_0.o ./Drivers/FW_LCD.o ./Drivers/cr_startup_lpc175x_6x.o ./Drivers/crp.o  ./Aplicacion/AP_ADC.o ./Aplicacion/AP_Adquisidor_MDE.o ./Aplicacion/AP_UART_0.o ./Aplicacion/main.o   
Memory region         Used Size  Region Size  %age Used
       MFlash512:       18220 B       512 KB      3.48%
        RamLoc32:        1144 B        32 KB      3.49%
        RamAHB32:          0 GB        32 KB      0.00%
Finished building target: TEST_UART_NEW.axf
 
make --no-print-directory post-build
Performing post-build steps
arm-none-eabi-size "TEST_UART_NEW.axf"; # arm-none-eabi-objcopy -v -O binary "TEST_UART_NEW.axf" "TEST_UART_NEW.bin" ; # checksum -p LPC1769 -d "TEST_UART_NEW.bin";
   text	   data	    bss	    dec	    hex	filename
  17900	    320	    824	  19044	   4a64	TEST_UART_NEW.axf
 
14:38:22 **** Incremental Build of configuration Debug for project TEST_UART_NEW ****
make -r -j4 all 
make: Nothing to be done for 'all'.
