18:04:34 **** Incremental Build of configuration Debug for project LPC1769-ADC-SERIAL ****
make -r -j4 all 
Building target: LPC1769-ADC-SERIAL.axf
Invoking: MCU Linker
arm-none-eabi-gcc -nostdlib -Xlinker -Map="LPC1769-ADC-SERIAL.map" -Xlinker --gc-sections -Xlinker -print-memory-usage -mcpu=cortex-m3 -mthumb -T "LPC1769-ADC-SERIAL_Debug.ld" -o "LPC1769-ADC-SERIAL.axf"  ./primitivas/src/PR_ADC.o ./primitivas/src/PR_LCD.o ./primitivas/src/PR_Serie.o ./primitivas/src/PR_Teclado.o  ./drivers_lpc1769/src/FW_ADC.o ./drivers_lpc1769/src/FW_DAC.o ./drivers_lpc1769/src/FW_EXTINT.o ./drivers_lpc1769/src/FW_GPIO.o ./drivers_lpc1769/src/FW_PINSEL.o ./drivers_lpc1769/src/FW_SysTick.o ./drivers_lpc1769/src/FW_UART.o ./drivers_lpc1769/src/cr_startup_lpc175x_6x.o ./drivers_lpc1769/src/crp.o  ./drivers_infotronic/src/FW_IO.o ./drivers_infotronic/src/FW_Init.o ./drivers_infotronic/src/FW_LCD.o ./drivers_infotronic/src/FW_Teclado.o  ./aplicacion/src/AP_ADC.o ./aplicacion/src/AP_Controlador.o ./aplicacion/src/main.o   
Memory region         Used Size  Region Size  %age Used
       MFlash512:       17036 B       512 KB      3.25%
        RamLoc32:        1152 B        32 KB      3.52%
        RamAHB32:          0 GB        32 KB      0.00%
Finished building target: LPC1769-ADC-SERIAL.axf
 
make --no-print-directory post-build
Performing post-build steps
arm-none-eabi-size "LPC1769-ADC-SERIAL.axf"; # arm-none-eabi-objcopy -v -O binary "LPC1769-ADC-SERIAL.axf" "LPC1769-ADC-SERIAL.bin" ; # checksum -p LPC1769 -d "LPC1769-ADC-SERIAL.bin";
   text	   data	    bss	    dec	    hex	filename
  16708	    328	    824	  17860	   45c4	LPC1769-ADC-SERIAL.axf
 

18:04:35 Build Finished (took 547ms)

